mode: atomic
github.com/tokenproxy/tokenproxy/internal/summarization/adaptive_window.go:16.71,17.34 1 7
github.com/tokenproxy/tokenproxy/internal/summarization/adaptive_window.go:17.34,19.3 1 2
github.com/tokenproxy/tokenproxy/internal/summarization/adaptive_window.go:21.2,22.21 2 5
github.com/tokenproxy/tokenproxy/internal/summarization/adaptive_window.go:22.21,24.3 1 1
github.com/tokenproxy/tokenproxy/internal/summarization/adaptive_window.go:25.2,31.19 5 5
github.com/tokenproxy/tokenproxy/internal/summarization/adaptive_window.go:31.19,33.3 1 1
github.com/tokenproxy/tokenproxy/internal/summarization/adaptive_window.go:34.2,36.26 2 5
github.com/tokenproxy/tokenproxy/internal/summarization/adaptive_window.go:36.26,38.3 1 1
github.com/tokenproxy/tokenproxy/internal/summarization/adaptive_window.go:39.2,39.26 1 4
github.com/tokenproxy/tokenproxy/internal/summarization/adaptive_window.go:39.26,41.3 1 0
github.com/tokenproxy/tokenproxy/internal/summarization/adaptive_window.go:42.2,42.17 1 4
github.com/tokenproxy/tokenproxy/internal/summarization/adaptive_window.go:50.59,51.20 1 6
github.com/tokenproxy/tokenproxy/internal/summarization/adaptive_window.go:51.20,53.3 1 1
github.com/tokenproxy/tokenproxy/internal/summarization/adaptive_window.go:55.2,62.59 6 5
github.com/tokenproxy/tokenproxy/internal/summarization/adaptive_window.go:66.49,67.14 1 16
github.com/tokenproxy/tokenproxy/internal/summarization/adaptive_window.go:67.14,69.3 1 1
github.com/tokenproxy/tokenproxy/internal/summarization/adaptive_window.go:70.2,71.11 2 15
github.com/tokenproxy/tokenproxy/internal/summarization/adaptive_window.go:71.11,73.3 1 7
github.com/tokenproxy/tokenproxy/internal/summarization/adaptive_window.go:74.2,74.11 1 8
github.com/tokenproxy/tokenproxy/internal/summarization/adaptive_window.go:74.11,76.3 1 1
github.com/tokenproxy/tokenproxy/internal/summarization/adaptive_window.go:77.2,77.10 1 7
github.com/tokenproxy/tokenproxy/internal/summarization/adaptive_window.go:81.53,83.27 2 6
github.com/tokenproxy/tokenproxy/internal/summarization/adaptive_window.go:83.27,84.37 1 50
github.com/tokenproxy/tokenproxy/internal/summarization/adaptive_window.go:84.37,85.55 1 51
github.com/tokenproxy/tokenproxy/internal/summarization/adaptive_window.go:85.55,87.5 1 23
github.com/tokenproxy/tokenproxy/internal/summarization/adaptive_window.go:90.2,90.18 1 6
github.com/tokenproxy/tokenproxy/internal/summarization/adaptive_window.go:94.50,95.20 1 6
github.com/tokenproxy/tokenproxy/internal/summarization/adaptive_window.go:95.20,97.3 1 1
github.com/tokenproxy/tokenproxy/internal/summarization/adaptive_window.go:98.2,100.27 3 5
github.com/tokenproxy/tokenproxy/internal/summarization/adaptive_window.go:100.27,101.28 1 48
github.com/tokenproxy/tokenproxy/internal/summarization/adaptive_window.go:101.28,103.4 1 5
github.com/tokenproxy/tokenproxy/internal/summarization/adaptive_window.go:105.2,105.46 1 5
github.com/tokenproxy/tokenproxy/internal/summarization/adaptive_window.go:109.51,111.27 2 6
github.com/tokenproxy/tokenproxy/internal/summarization/adaptive_window.go:111.27,112.37 1 50
github.com/tokenproxy/tokenproxy/internal/summarization/adaptive_window.go:112.37,113.56 1 52
github.com/tokenproxy/tokenproxy/internal/summarization/adaptive_window.go:113.56,115.5 1 24
github.com/tokenproxy/tokenproxy/internal/summarization/adaptive_window.go:118.2,118.18 1 6
github.com/tokenproxy/tokenproxy/internal/summarization/adaptive_window.go:122.60,123.27 1 61
github.com/tokenproxy/tokenproxy/internal/summarization/adaptive_window.go:123.27,125.3 1 29
github.com/tokenproxy/tokenproxy/internal/summarization/adaptive_window.go:127.2,128.94 2 32
github.com/tokenproxy/tokenproxy/internal/summarization/adaptive_window.go:128.94,130.14 2 58
github.com/tokenproxy/tokenproxy/internal/summarization/adaptive_window.go:130.14,131.12 1 27
github.com/tokenproxy/tokenproxy/internal/summarization/adaptive_window.go:133.3,136.19 3 31
github.com/tokenproxy/tokenproxy/internal/summarization/adaptive_window.go:136.19,137.12 1 1
github.com/tokenproxy/tokenproxy/internal/summarization/adaptive_window.go:139.3,140.39 2 30
github.com/tokenproxy/tokenproxy/internal/summarization/adaptive_window.go:140.39,141.12 1 1
github.com/tokenproxy/tokenproxy/internal/summarization/adaptive_window.go:143.3,144.14 2 29
github.com/tokenproxy/tokenproxy/internal/summarization/adaptive_window.go:144.14,145.12 1 1
github.com/tokenproxy/tokenproxy/internal/summarization/adaptive_window.go:147.3,148.14 2 28
github.com/tokenproxy/tokenproxy/internal/summarization/adaptive_window.go:148.14,150.4 1 28
github.com/tokenproxy/tokenproxy/internal/summarization/adaptive_window.go:152.2,152.11 1 4
github.com/tokenproxy/tokenproxy/internal/summarization/anchor.go:44.42,54.2 1 43
github.com/tokenproxy/tokenproxy/internal/summarization/anchor.go:57.65,61.31 2 14
github.com/tokenproxy/tokenproxy/internal/summarization/anchor.go:61.31,62.35 1 102
github.com/tokenproxy/tokenproxy/internal/summarization/anchor.go:62.35,63.70 1 102
github.com/tokenproxy/tokenproxy/internal/summarization/anchor.go:63.70,65.5 1 19
github.com/tokenproxy/tokenproxy/internal/summarization/anchor.go:69.2,70.31 2 14
github.com/tokenproxy/tokenproxy/internal/summarization/anchor.go:70.31,71.32 1 102
github.com/tokenproxy/tokenproxy/internal/summarization/anchor.go:71.32,73.12 2 19
github.com/tokenproxy/tokenproxy/internal/summarization/anchor.go:76.3,76.57 1 83
github.com/tokenproxy/tokenproxy/internal/summarization/anchor.go:76.57,78.4 1 1
github.com/tokenproxy/tokenproxy/internal/summarization/anchor.go:80.2,80.16 1 14
github.com/tokenproxy/tokenproxy/internal/summarization/anchor.go:84.88,90.2 1 180
github.com/tokenproxy/tokenproxy/internal/summarization/anchor.go:93.63,94.34 1 180
github.com/tokenproxy/tokenproxy/internal/summarization/anchor.go:94.34,95.69 1 181
github.com/tokenproxy/tokenproxy/internal/summarization/anchor.go:95.69,97.4 1 28
github.com/tokenproxy/tokenproxy/internal/summarization/anchor.go:99.2,99.14 1 152
github.com/tokenproxy/tokenproxy/internal/summarization/anchor.go:103.64,105.34 2 152
github.com/tokenproxy/tokenproxy/internal/summarization/anchor.go:105.34,107.3 1 5
github.com/tokenproxy/tokenproxy/internal/summarization/anchor.go:108.2,108.36 1 147
github.com/tokenproxy/tokenproxy/internal/summarization/anchor.go:108.36,110.3 1 1
github.com/tokenproxy/tokenproxy/internal/summarization/anchor.go:111.2,111.14 1 146
github.com/tokenproxy/tokenproxy/internal/summarization/anchor.go:115.67,116.24 1 146
github.com/tokenproxy/tokenproxy/internal/summarization/anchor.go:116.24,118.3 1 68
github.com/tokenproxy/tokenproxy/internal/summarization/anchor.go:119.2,121.22 3 78
github.com/tokenproxy/tokenproxy/internal/summarization/anchor.go:121.22,123.3 1 10
github.com/tokenproxy/tokenproxy/internal/summarization/anchor.go:124.2,124.37 1 68
github.com/tokenproxy/tokenproxy/internal/summarization/anchor.go:129.68,130.29 1 142
github.com/tokenproxy/tokenproxy/internal/summarization/anchor.go:130.29,132.3 1 73
github.com/tokenproxy/tokenproxy/internal/summarization/anchor.go:133.2,134.39 2 69
github.com/tokenproxy/tokenproxy/internal/summarization/anchor.go:134.39,136.3 1 67
github.com/tokenproxy/tokenproxy/internal/summarization/anchor.go:137.2,138.25 2 2
github.com/tokenproxy/tokenproxy/internal/summarization/anchor.go:142.65,143.34 1 140
github.com/tokenproxy/tokenproxy/internal/summarization/anchor.go:143.34,144.32 1 140
github.com/tokenproxy/tokenproxy/internal/summarization/anchor.go:144.32,145.12 1 131
github.com/tokenproxy/tokenproxy/internal/summarization/anchor.go:148.3,150.30 3 9
github.com/tokenproxy/tokenproxy/internal/summarization/anchor.go:150.30,152.53 2 36
github.com/tokenproxy/tokenproxy/internal/summarization/anchor.go:152.53,154.5 1 3
github.com/tokenproxy/tokenproxy/internal/summarization/anchor.go:155.4,155.72 1 36
github.com/tokenproxy/tokenproxy/internal/summarization/anchor.go:155.72,157.5 1 4
github.com/tokenproxy/tokenproxy/internal/summarization/anchor.go:160.2,160.14 1 136
github.com/tokenproxy/tokenproxy/internal/summarization/anchor.go:164.87,166.36 2 15
github.com/tokenproxy/tokenproxy/internal/summarization/anchor.go:166.36,168.3 1 20
github.com/tokenproxy/tokenproxy/internal/summarization/anchor.go:169.2,170.31 2 15
github.com/tokenproxy/tokenproxy/internal/summarization/anchor.go:170.31,171.19 1 105
github.com/tokenproxy/tokenproxy/internal/summarization/anchor.go:171.19,173.4 1 85
github.com/tokenproxy/tokenproxy/internal/summarization/anchor.go:175.2,175.15 1 15
github.com/tokenproxy/tokenproxy/internal/summarization/anchor.go:179.41,181.34 2 300
github.com/tokenproxy/tokenproxy/internal/summarization/anchor.go:181.34,182.21 1 302
github.com/tokenproxy/tokenproxy/internal/summarization/anchor.go:182.21,183.20 1 268
github.com/tokenproxy/tokenproxy/internal/summarization/anchor.go:183.20,185.5 1 2
github.com/tokenproxy/tokenproxy/internal/summarization/anchor.go:186.4,186.28 1 268
github.com/tokenproxy/tokenproxy/internal/summarization/anchor.go:189.2,189.20 1 300
github.com/tokenproxy/tokenproxy/internal/summarization/cache.go:47.38,49.2 1 30
github.com/tokenproxy/tokenproxy/internal/summarization/cache.go:52.45,56.2 3 3
github.com/tokenproxy/tokenproxy/internal/summarization/cache.go:60.62,63.22 3 23
github.com/tokenproxy/tokenproxy/internal/summarization/cache.go:63.22,65.3 1 10
github.com/tokenproxy/tokenproxy/internal/summarization/cache.go:66.2,66.42 1 13
github.com/tokenproxy/tokenproxy/internal/summarization/cache.go:70.48,75.2 4 12
github.com/tokenproxy/tokenproxy/internal/summarization/cache.go:78.37,83.2 4 1
github.com/tokenproxy/tokenproxy/internal/summarization/cache.go:87.59,90.22 3 8
github.com/tokenproxy/tokenproxy/internal/summarization/cache.go:90.22,92.3 1 2
github.com/tokenproxy/tokenproxy/internal/summarization/cache.go:93.2,93.49 1 6
github.com/tokenproxy/tokenproxy/internal/summarization/layer2.go:29.55,37.2 1 28
github.com/tokenproxy/tokenproxy/internal/summarization/layer2.go:42.89,44.19 2 4
github.com/tokenproxy/tokenproxy/internal/summarization/layer2.go:44.19,46.3 1 1
github.com/tokenproxy/tokenproxy/internal/summarization/layer2.go:48.2,49.38 2 3
github.com/tokenproxy/tokenproxy/internal/summarization/layer2.go:49.38,51.3 1 2
github.com/tokenproxy/tokenproxy/internal/summarization/layer2.go:53.2,75.27 6 1
github.com/tokenproxy/tokenproxy/internal/summarization/layer2.go:75.27,78.3 2 2
github.com/tokenproxy/tokenproxy/internal/summarization/layer2.go:80.2,81.34 2 1
github.com/tokenproxy/tokenproxy/internal/summarization/layer2.go:86.62,89.25 3 9
github.com/tokenproxy/tokenproxy/internal/summarization/layer2.go:89.25,91.3 1 1
github.com/tokenproxy/tokenproxy/internal/summarization/layer2.go:94.2,100.27 4 8
github.com/tokenproxy/tokenproxy/internal/summarization/layer2.go:100.27,102.3 1 2
github.com/tokenproxy/tokenproxy/internal/summarization/layer2.go:106.2,109.45 4 6
github.com/tokenproxy/tokenproxy/internal/summarization/layer2.go:109.45,111.30 2 3
github.com/tokenproxy/tokenproxy/internal/summarization/layer2.go:111.30,114.31 2 3
github.com/tokenproxy/tokenproxy/internal/summarization/layer2.go:114.31,118.5 3 1
github.com/tokenproxy/tokenproxy/internal/summarization/layer2.go:118.10,121.5 1 2
github.com/tokenproxy/tokenproxy/internal/summarization/layer2.go:125.2,125.27 1 4
github.com/tokenproxy/tokenproxy/internal/summarization/layer2.go:125.27,127.3 1 0
github.com/tokenproxy/tokenproxy/internal/summarization/layer2.go:129.2,133.24 4 4
github.com/tokenproxy/tokenproxy/internal/summarization/layer2.go:133.24,135.3 1 3
github.com/tokenproxy/tokenproxy/internal/summarization/layer2.go:137.2,138.16 2 4
github.com/tokenproxy/tokenproxy/internal/summarization/layer2.go:138.16,144.3 2 1
github.com/tokenproxy/tokenproxy/internal/summarization/layer2.go:146.2,147.19 2 3
github.com/tokenproxy/tokenproxy/internal/summarization/layer2.go:147.19,153.3 2 2
github.com/tokenproxy/tokenproxy/internal/summarization/layer2.go:155.2,157.20 3 1
github.com/tokenproxy/tokenproxy/internal/summarization/layer2.go:157.20,159.3 1 1
github.com/tokenproxy/tokenproxy/internal/summarization/layer2.go:161.2,178.3 3 1
github.com/tokenproxy/tokenproxy/internal/summarization/layer2.go:184.74,187.25 3 6
github.com/tokenproxy/tokenproxy/internal/summarization/layer2.go:187.25,189.3 1 1
github.com/tokenproxy/tokenproxy/internal/summarization/layer2.go:191.2,191.32 1 5
github.com/tokenproxy/tokenproxy/internal/summarization/layer2.go:191.32,193.3 1 1
github.com/tokenproxy/tokenproxy/internal/summarization/layer2.go:195.2,195.36 1 4
github.com/tokenproxy/tokenproxy/internal/summarization/layer2.go:195.36,197.3 1 2
github.com/tokenproxy/tokenproxy/internal/summarization/layer2.go:199.2,200.21 2 2
github.com/tokenproxy/tokenproxy/internal/summarization/layer2.go:200.21,202.3 1 0
github.com/tokenproxy/tokenproxy/internal/summarization/layer2.go:205.2,206.22 2 2
github.com/tokenproxy/tokenproxy/internal/summarization/layer2.go:206.22,208.3 1 1
github.com/tokenproxy/tokenproxy/internal/summarization/layer2.go:209.2,210.31 2 1
github.com/tokenproxy/tokenproxy/internal/summarization/layer2.go:214.82,216.31 2 9
github.com/tokenproxy/tokenproxy/internal/summarization/layer2.go:216.31,219.35 3 39
github.com/tokenproxy/tokenproxy/internal/summarization/layer2.go:219.35,220.20 1 40
github.com/tokenproxy/tokenproxy/internal/summarization/layer2.go:221.16,222.29 1 38
github.com/tokenproxy/tokenproxy/internal/summarization/layer2.go:223.20,224.92 1 1
github.com/tokenproxy/tokenproxy/internal/summarization/layer2.go:225.23,226.99 1 1
github.com/tokenproxy/tokenproxy/internal/summarization/layer2.go:228.4,228.22 1 40
github.com/tokenproxy/tokenproxy/internal/summarization/layer2.go:230.3,230.26 1 39
github.com/tokenproxy/tokenproxy/internal/summarization/layer2.go:232.2,232.20 1 9
github.com/tokenproxy/tokenproxy/internal/summarization/layer2.go:236.43,238.2 1 2
github.com/tokenproxy/tokenproxy/internal/summarization/layer2.go:241.54,243.16 2 4
github.com/tokenproxy/tokenproxy/internal/summarization/layer2.go:243.16,245.3 1 0
github.com/tokenproxy/tokenproxy/internal/summarization/layer2.go:246.2,246.28 1 4
github.com/tokenproxy/tokenproxy/internal/summarization/layer2.go:250.38,252.28 2 14
github.com/tokenproxy/tokenproxy/internal/summarization/layer2.go:252.28,254.3 1 1
github.com/tokenproxy/tokenproxy/internal/summarization/layer2.go:255.2,255.10 1 13
github.com/tokenproxy/tokenproxy/internal/summarization/minimax.go:67.64,81.14 4 43
github.com/tokenproxy/tokenproxy/internal/summarization/minimax.go:81.14,83.3 1 1
github.com/tokenproxy/tokenproxy/internal/summarization/minimax.go:85.2,96.3 3 43
github.com/tokenproxy/tokenproxy/internal/summarization/minimax.go:100.45,102.2 1 8
github.com/tokenproxy/tokenproxy/internal/summarization/minimax.go:106.105,107.61 1 11
github.com/tokenproxy/tokenproxy/internal/summarization/minimax.go:107.61,109.3 1 0
github.com/tokenproxy/tokenproxy/internal/summarization/minimax.go:111.2,131.35 6 11
github.com/tokenproxy/tokenproxy/internal/summarization/minimax.go:131.35,133.17 2 12
github.com/tokenproxy/tokenproxy/internal/summarization/minimax.go:133.17,135.4 1 8
github.com/tokenproxy/tokenproxy/internal/summarization/minimax.go:137.3,140.24 2 4
github.com/tokenproxy/tokenproxy/internal/summarization/minimax.go:140.24,141.9 1 1
github.com/tokenproxy/tokenproxy/internal/summarization/minimax.go:144.3,144.29 1 3
github.com/tokenproxy/tokenproxy/internal/summarization/minimax.go:144.29,146.4 1 3
github.com/tokenproxy/tokenproxy/internal/summarization/minimax.go:149.2,149.95 1 3
github.com/tokenproxy/tokenproxy/internal/summarization/minimax.go:153.70,155.16 2 20
github.com/tokenproxy/tokenproxy/internal/summarization/minimax.go:155.16,157.3 1 0
github.com/tokenproxy/tokenproxy/internal/summarization/minimax.go:159.2,160.16 2 20
github.com/tokenproxy/tokenproxy/internal/summarization/minimax.go:160.16,162.3 1 1
github.com/tokenproxy/tokenproxy/internal/summarization/minimax.go:163.2,167.16 4 19
github.com/tokenproxy/tokenproxy/internal/summarization/minimax.go:167.16,169.3 1 1
github.com/tokenproxy/tokenproxy/internal/summarization/minimax.go:170.2,173.16 3 18
github.com/tokenproxy/tokenproxy/internal/summarization/minimax.go:173.16,175.3 1 1
github.com/tokenproxy/tokenproxy/internal/summarization/minimax.go:177.2,177.77 1 17
github.com/tokenproxy/tokenproxy/internal/summarization/minimax.go:177.77,181.3 1 4
github.com/tokenproxy/tokenproxy/internal/summarization/minimax.go:183.2,183.38 1 13
github.com/tokenproxy/tokenproxy/internal/summarization/minimax.go:183.38,185.3 1 2
github.com/tokenproxy/tokenproxy/internal/summarization/minimax.go:187.2,188.58 2 11
github.com/tokenproxy/tokenproxy/internal/summarization/minimax.go:188.58,190.3 1 1
github.com/tokenproxy/tokenproxy/internal/summarization/minimax.go:192.2,192.73 1 10
github.com/tokenproxy/tokenproxy/internal/summarization/minimax.go:192.73,194.3 1 2
github.com/tokenproxy/tokenproxy/internal/summarization/minimax.go:196.2,196.47 1 8
github.com/tokenproxy/tokenproxy/internal/summarization/minimax.go:204.41,204.67 1 3
github.com/tokenproxy/tokenproxy/internal/summarization/minimax.go:205.41,205.59 1 1
github.com/tokenproxy/tokenproxy/internal/summarization/minimax.go:208.34,211.2 2 7
github.com/tokenproxy/tokenproxy/internal/summarization/minimax.go:214.39,215.17 1 9
github.com/tokenproxy/tokenproxy/internal/summarization/minimax.go:215.17,217.3 1 8
github.com/tokenproxy/tokenproxy/internal/summarization/minimax.go:218.2,218.22 1 1
github.com/tokenproxy/tokenproxy/internal/summarization/priority.go:14.110,16.14 1 23
github.com/tokenproxy/tokenproxy/internal/summarization/priority.go:16.14,18.3 1 4
github.com/tokenproxy/tokenproxy/internal/summarization/priority.go:20.2,20.18 1 19
github.com/tokenproxy/tokenproxy/internal/summarization/priority.go:21.30,22.30 1 1
github.com/tokenproxy/tokenproxy/internal/summarization/priority.go:23.34,24.30 1 1
github.com/tokenproxy/tokenproxy/internal/summarization/priority.go:25.31,26.31 1 2
github.com/tokenproxy/tokenproxy/internal/summarization/priority.go:26.31,28.4 1 1
github.com/tokenproxy/tokenproxy/internal/summarization/priority.go:29.3,29.27 1 1
github.com/tokenproxy/tokenproxy/internal/summarization/priority.go:30.32,31.31 1 2
github.com/tokenproxy/tokenproxy/internal/summarization/priority.go:31.31,33.4 1 1
github.com/tokenproxy/tokenproxy/internal/summarization/priority.go:34.3,34.27 1 1
github.com/tokenproxy/tokenproxy/internal/summarization/priority.go:35.33,36.30 1 2
github.com/tokenproxy/tokenproxy/internal/summarization/priority.go:36.30,38.4 1 1
github.com/tokenproxy/tokenproxy/internal/summarization/priority.go:39.3,39.27 1 1
github.com/tokenproxy/tokenproxy/internal/summarization/priority.go:40.32,41.29 1 2
github.com/tokenproxy/tokenproxy/internal/summarization/priority.go:41.29,43.4 1 1
github.com/tokenproxy/tokenproxy/internal/summarization/priority.go:44.3,44.27 1 1
github.com/tokenproxy/tokenproxy/internal/summarization/priority.go:45.32,46.27 1 4
github.com/tokenproxy/tokenproxy/internal/summarization/priority.go:47.31,48.28 1 2
github.com/tokenproxy/tokenproxy/internal/summarization/priority.go:48.28,50.4 1 1
github.com/tokenproxy/tokenproxy/internal/summarization/priority.go:51.3,51.27 1 1
github.com/tokenproxy/tokenproxy/internal/summarization/priority.go:52.30,53.30 1 1
github.com/tokenproxy/tokenproxy/internal/summarization/priority.go:54.35,55.27 1 1
github.com/tokenproxy/tokenproxy/internal/summarization/priority.go:56.10,57.30 1 1
github.com/tokenproxy/tokenproxy/internal/summarization/priority.go:62.55,63.11 1 4
github.com/tokenproxy/tokenproxy/internal/summarization/priority.go:64.26,65.16 1 1
github.com/tokenproxy/tokenproxy/internal/summarization/priority.go:66.28,67.18 1 1
github.com/tokenproxy/tokenproxy/internal/summarization/priority.go:68.25,69.15 1 1
github.com/tokenproxy/tokenproxy/internal/summarization/priority.go:70.10,71.18 1 1
github.com/tokenproxy/tokenproxy/internal/summarization/priority.go:77.57,78.24 1 3
github.com/tokenproxy/tokenproxy/internal/summarization/priority.go:78.24,80.3 1 1
github.com/tokenproxy/tokenproxy/internal/summarization/priority.go:82.2,85.31 3 2
github.com/tokenproxy/tokenproxy/internal/summarization/priority.go:85.31,87.37 2 6
github.com/tokenproxy/tokenproxy/internal/summarization/priority.go:87.37,88.35 1 7
github.com/tokenproxy/tokenproxy/internal/summarization/priority.go:88.35,89.13 1 1
github.com/tokenproxy/tokenproxy/internal/summarization/priority.go:91.4,93.13 3 6
github.com/tokenproxy/tokenproxy/internal/summarization/priority.go:94.28,95.43 1 3
github.com/tokenproxy/tokenproxy/internal/summarization/priority.go:96.27,97.41 1 3
github.com/tokenproxy/tokenproxy/internal/summarization/priority.go:102.2,104.23 3 2
github.com/tokenproxy/tokenproxy/internal/summarization/priority.go:104.23,106.32 2 2
github.com/tokenproxy/tokenproxy/internal/summarization/priority.go:106.32,107.13 1 3
github.com/tokenproxy/tokenproxy/internal/summarization/priority.go:107.13,109.5 1 1
github.com/tokenproxy/tokenproxy/internal/summarization/priority.go:110.4,110.29 1 3
github.com/tokenproxy/tokenproxy/internal/summarization/priority.go:112.3,112.23 1 2
github.com/tokenproxy/tokenproxy/internal/summarization/priority.go:114.2,114.22 1 2
github.com/tokenproxy/tokenproxy/internal/summarization/priority.go:114.22,116.31 2 2
github.com/tokenproxy/tokenproxy/internal/summarization/priority.go:116.31,117.13 1 3
github.com/tokenproxy/tokenproxy/internal/summarization/priority.go:117.13,119.5 1 1
github.com/tokenproxy/tokenproxy/internal/summarization/priority.go:120.4,120.29 1 3
github.com/tokenproxy/tokenproxy/internal/summarization/priority.go:122.3,122.23 1 2
github.com/tokenproxy/tokenproxy/internal/summarization/priority.go:124.2,126.20 2 2
github.com/tokenproxy/tokenproxy/internal/summarization/priority.go:130.71,132.14 2 10
github.com/tokenproxy/tokenproxy/internal/summarization/priority.go:133.41,134.32 1 1
github.com/tokenproxy/tokenproxy/internal/summarization/priority.go:135.40,136.36 1 1
github.com/tokenproxy/tokenproxy/internal/summarization/priority.go:137.20,138.34 1 4
github.com/tokenproxy/tokenproxy/internal/summarization/priority.go:141.2,141.38 1 4
github.com/tokenproxy/tokenproxy/internal/summarization/priority.go:145.61,146.19 1 11
github.com/tokenproxy/tokenproxy/internal/summarization/priority.go:146.19,148.3 1 1
github.com/tokenproxy/tokenproxy/internal/summarization/priority.go:149.2,151.88 2 10
github.com/tokenproxy/tokenproxy/internal/summarization/priority.go:151.88,153.3 1 3
github.com/tokenproxy/tokenproxy/internal/summarization/priority.go:154.2,154.47 1 7
github.com/tokenproxy/tokenproxy/internal/summarization/priority.go:154.47,156.3 1 4
github.com/tokenproxy/tokenproxy/internal/summarization/priority.go:157.2,157.47 1 3
github.com/tokenproxy/tokenproxy/internal/summarization/priority.go:157.47,159.3 1 1
github.com/tokenproxy/tokenproxy/internal/summarization/priority.go:160.2,160.47 1 2
github.com/tokenproxy/tokenproxy/internal/summarization/priority.go:160.47,162.3 1 1
github.com/tokenproxy/tokenproxy/internal/summarization/priority.go:163.2,163.36 1 1
github.com/tokenproxy/tokenproxy/internal/summarization/priority.go:168.43,170.2 1 2
github.com/tokenproxy/tokenproxy/internal/summarization/priority.go:172.43,174.2 1 2
github.com/tokenproxy/tokenproxy/internal/summarization/priority.go:176.42,178.2 1 2
github.com/tokenproxy/tokenproxy/internal/summarization/priority.go:180.41,182.2 1 2
github.com/tokenproxy/tokenproxy/internal/summarization/priority.go:184.40,186.2 1 2
github.com/tokenproxy/tokenproxy/internal/summarization/progressive.go:29.81,31.23 2 5
github.com/tokenproxy/tokenproxy/internal/summarization/progressive.go:31.23,33.3 1 1
github.com/tokenproxy/tokenproxy/internal/summarization/progressive.go:36.2,36.23 1 4
github.com/tokenproxy/tokenproxy/internal/summarization/progressive.go:36.23,44.3 1 1
github.com/tokenproxy/tokenproxy/internal/summarization/progressive.go:51.2,61.23 4 3
github.com/tokenproxy/tokenproxy/internal/summarization/progressive.go:61.23,69.24 3 2
github.com/tokenproxy/tokenproxy/internal/summarization/progressive.go:69.24,75.4 1 1
github.com/tokenproxy/tokenproxy/internal/summarization/progressive.go:79.2,85.14 2 3
github.com/tokenproxy/tokenproxy/internal/summarization/progressive.go:91.107,92.21 1 10
github.com/tokenproxy/tokenproxy/internal/summarization/progressive.go:92.21,94.3 1 1
github.com/tokenproxy/tokenproxy/internal/summarization/progressive.go:96.2,99.29 3 9
github.com/tokenproxy/tokenproxy/internal/summarization/progressive.go:99.29,103.29 3 9
github.com/tokenproxy/tokenproxy/internal/summarization/progressive.go:103.29,104.9 1 1
github.com/tokenproxy/tokenproxy/internal/summarization/progressive.go:106.3,106.27 1 8
github.com/tokenproxy/tokenproxy/internal/summarization/progressive.go:106.27,108.4 1 1
github.com/tokenproxy/tokenproxy/internal/summarization/progressive.go:110.3,113.59 2 8
github.com/tokenproxy/tokenproxy/internal/summarization/progressive.go:113.59,114.30 1 3
github.com/tokenproxy/tokenproxy/internal/summarization/progressive.go:114.30,118.5 3 4
github.com/tokenproxy/tokenproxy/internal/summarization/progressive.go:119.4,119.12 1 3
github.com/tokenproxy/tokenproxy/internal/summarization/progressive.go:123.3,125.36 3 5
github.com/tokenproxy/tokenproxy/internal/summarization/progressive.go:125.36,127.4 1 3
github.com/tokenproxy/tokenproxy/internal/summarization/progressive.go:129.3,131.28 2 5
github.com/tokenproxy/tokenproxy/internal/summarization/progressive.go:131.28,133.30 1 1
github.com/tokenproxy/tokenproxy/internal/summarization/progressive.go:133.30,137.5 3 2
github.com/tokenproxy/tokenproxy/internal/summarization/progressive.go:138.4,138.12 1 1
github.com/tokenproxy/tokenproxy/internal/summarization/progressive.go:141.3,144.24 4 4
github.com/tokenproxy/tokenproxy/internal/summarization/progressive.go:144.24,146.4 1 1
github.com/tokenproxy/tokenproxy/internal/summarization/progressive.go:148.3,149.17 2 4
github.com/tokenproxy/tokenproxy/internal/summarization/progressive.go:149.17,154.30 2 1
github.com/tokenproxy/tokenproxy/internal/summarization/progressive.go:154.30,158.5 3 1
github.com/tokenproxy/tokenproxy/internal/summarization/progressive.go:159.4,159.12 1 1
github.com/tokenproxy/tokenproxy/internal/summarization/progressive.go:162.3,163.24 2 3
github.com/tokenproxy/tokenproxy/internal/summarization/progressive.go:163.24,168.30 2 1
github.com/tokenproxy/tokenproxy/internal/summarization/progressive.go:168.30,172.5 3 1
github.com/tokenproxy/tokenproxy/internal/summarization/progressive.go:173.4,173.12 1 1
github.com/tokenproxy/tokenproxy/internal/summarization/progressive.go:177.3,177.30 1 2
github.com/tokenproxy/tokenproxy/internal/summarization/progressive.go:177.30,178.23 1 5
github.com/tokenproxy/tokenproxy/internal/summarization/progressive.go:178.23,182.5 3 1
github.com/tokenproxy/tokenproxy/internal/summarization/progressive.go:186.3,214.4 5 2
github.com/tokenproxy/tokenproxy/internal/summarization/progressive.go:217.2,217.15 1 9
github.com/tokenproxy/tokenproxy/internal/summarization/progressive.go:221.33,227.2 5 5
github.com/tokenproxy/tokenproxy/internal/summarization/validator.go:29.54,31.2 1 35
github.com/tokenproxy/tokenproxy/internal/summarization/validator.go:35.116,38.20 2 13
github.com/tokenproxy/tokenproxy/internal/summarization/validator.go:38.20,40.27 2 2
github.com/tokenproxy/tokenproxy/internal/summarization/validator.go:40.27,41.36 1 7
github.com/tokenproxy/tokenproxy/internal/summarization/validator.go:41.36,43.5 1 2
github.com/tokenproxy/tokenproxy/internal/summarization/validator.go:45.3,46.19 2 2
github.com/tokenproxy/tokenproxy/internal/summarization/validator.go:46.19,51.4 1 1
github.com/tokenproxy/tokenproxy/internal/summarization/validator.go:55.2,56.24 2 12
github.com/tokenproxy/tokenproxy/internal/summarization/validator.go:56.24,58.32 2 2
github.com/tokenproxy/tokenproxy/internal/summarization/validator.go:58.32,61.53 2 7
github.com/tokenproxy/tokenproxy/internal/summarization/validator.go:61.53,63.5 1 2
github.com/tokenproxy/tokenproxy/internal/summarization/validator.go:65.3,66.19 2 2
github.com/tokenproxy/tokenproxy/internal/summarization/validator.go:66.19,71.4 1 1
github.com/tokenproxy/tokenproxy/internal/summarization/validator.go:75.2,76.27 2 11
github.com/tokenproxy/tokenproxy/internal/summarization/validator.go:76.27,79.35 2 2
github.com/tokenproxy/tokenproxy/internal/summarization/validator.go:79.35,82.43 2 5
github.com/tokenproxy/tokenproxy/internal/summarization/validator.go:82.43,84.5 1 1
github.com/tokenproxy/tokenproxy/internal/summarization/validator.go:86.3,87.19 2 2
github.com/tokenproxy/tokenproxy/internal/summarization/validator.go:87.19,92.4 1 1
github.com/tokenproxy/tokenproxy/internal/summarization/validator.go:96.2,97.55 2 10
github.com/tokenproxy/tokenproxy/internal/summarization/validator.go:97.55,102.3 1 3
github.com/tokenproxy/tokenproxy/internal/summarization/validator.go:105.2,105.61 1 7
github.com/tokenproxy/tokenproxy/internal/summarization/validator.go:105.61,110.3 1 2
github.com/tokenproxy/tokenproxy/internal/summarization/validator.go:112.2,112.38 1 5
github.com/tokenproxy/tokenproxy/internal/summarization/validator.go:116.45,119.2 2 13
github.com/tokenproxy/tokenproxy/internal/summarization/validator.go:123.49,128.2 3 12
github.com/tokenproxy/tokenproxy/internal/summarization/validator.go:131.61,133.31 2 11
github.com/tokenproxy/tokenproxy/internal/summarization/validator.go:133.31,134.35 1 31
github.com/tokenproxy/tokenproxy/internal/summarization/validator.go:134.35,135.22 1 31
github.com/tokenproxy/tokenproxy/internal/summarization/validator.go:135.22,138.5 2 31
github.com/tokenproxy/tokenproxy/internal/summarization/validator.go:141.2,142.26 2 11
github.com/tokenproxy/tokenproxy/internal/summarization/validator.go:146.52,148.31 2 25
github.com/tokenproxy/tokenproxy/internal/summarization/validator.go:148.31,149.35 1 65
github.com/tokenproxy/tokenproxy/internal/summarization/validator.go:149.35,150.22 1 65
github.com/tokenproxy/tokenproxy/internal/summarization/validator.go:150.22,153.5 2 65
github.com/tokenproxy/tokenproxy/internal/summarization/validator.go:156.2,156.20 1 25
github.com/tokenproxy/tokenproxy/internal/summarization/validator.go:160.44,163.49 3 12
github.com/tokenproxy/tokenproxy/internal/summarization/validator.go:163.49,165.40 2 60
github.com/tokenproxy/tokenproxy/internal/summarization/validator.go:165.40,167.12 2 4
github.com/tokenproxy/tokenproxy/internal/summarization/validator.go:169.3,169.14 1 56
github.com/tokenproxy/tokenproxy/internal/summarization/validator.go:169.14,172.4 2 9
github.com/tokenproxy/tokenproxy/internal/summarization/validator.go:174.2,174.20 1 12
github.com/tokenproxy/tokenproxy/internal/summarization/validator.go:178.45,180.20 2 10
github.com/tokenproxy/tokenproxy/internal/summarization/validator.go:180.20,182.3 1 2
github.com/tokenproxy/tokenproxy/internal/summarization/validator.go:183.2,183.17 1 8
github.com/tokenproxy/tokenproxy/internal/summarization/validator.go:187.41,190.23 3 36
github.com/tokenproxy/tokenproxy/internal/summarization/validator.go:190.23,191.15 1 19
github.com/tokenproxy/tokenproxy/internal/summarization/validator.go:191.15,194.4 2 19
github.com/tokenproxy/tokenproxy/internal/summarization/validator.go:196.2,196.12 1 36
github.com/tokenproxy/tokenproxy/internal/summarization/validator.go:200.40,202.21 2 7
github.com/tokenproxy/tokenproxy/internal/summarization/validator.go:202.21,204.3 1 4
github.com/tokenproxy/tokenproxy/internal/summarization/validator.go:205.2,205.26 1 3
github.com/tokenproxy/tokenproxy/internal/summarization/validator.go:209.39,212.14 3 3
github.com/tokenproxy/tokenproxy/internal/summarization/validator.go:212.14,214.3 1 3
github.com/tokenproxy/tokenproxy/internal/summarization/validator.go:215.2,216.10 2 3
github.com/tokenproxy/tokenproxy/internal/summarization/validator.go:220.25,221.12 1 17
github.com/tokenproxy/tokenproxy/internal/summarization/validator.go:221.12,223.3 1 7
github.com/tokenproxy/tokenproxy/internal/summarization/validator.go:224.2,225.9 2 10
github.com/tokenproxy/tokenproxy/internal/summarization/validator.go:225.9,227.3 1 1
github.com/tokenproxy/tokenproxy/internal/summarization/validator.go:228.2,230.12 3 10
github.com/tokenproxy/tokenproxy/internal/summarization/validator.go:230.12,234.3 3 18
github.com/tokenproxy/tokenproxy/internal/summarization/validator.go:235.2,235.9 1 10
github.com/tokenproxy/tokenproxy/internal/summarization/validator.go:235.9,238.3 2 1
github.com/tokenproxy/tokenproxy/internal/summarization/validator.go:239.2,239.26 1 10
